HI-TECH Software C Compiler 

Linker command line:

--edf=C:\Program Files (x86)\HI-TECH Software\PICC\9.83\dat\en_msgs.txt -cs \
  -h+Embarcados3.sym -z -Q16F877A -ol.obj -MEmbarcados3.map -E1 \
  -ACONST=00h-0FFhx32 -ACODE=00h-07FFhx4 -ASTRCODE=00h-01FFFh \
  -AENTRY=00h-0FFhx32 -ASTRING=00h-0FFhx32 -ABANK0=020h-06Fh \
  -ABANK1=0A0h-0EFh -ABANK2=0110h-016Fh -ABANK3=0190h-01EFh \
  -ARAM=020h-06Fh,0A0h-0EFh,0110h-016Fh,0190h-01EFh \
  -AABS1=020h-07Fh,0A0h-0EFh,0110h-016Fh,0190h-01EFh -ACOMMON=070h-07Fh \
  -ASFR0=00h-01Fh -ASFR1=080h-09Fh -ASFR2=0100h-010Fh -ASFR3=0180h-018Fh \
  -preset_vec=00h,intentry=04h,init,end_init -ppowerup=CODE -pfunctab=CODE \
  -ACONFIG=02007h-02007h -pconfig=CONFIG -DCONFIG=2 -AIDLOC=02000h-02003h \
  -pidloc=IDLOC -DIDLOC=2 -AEEDATA=00h-0FFh/02100h -peeprom_data=EEDATA \
  -DEEDATA=2 -DCODE=2 -DSTRCODE=2 -DSTRING=2 -DCONST=2 -DENTRY=2 -k \
  startup.obj Embarcados3.obj 

Object code version is 3.10

Machine type is 16F877A



                Name                               Link     Load   Length Selector   Space Scale
startup.obj     end_init                             12       12        3        8       0
                reset_vec                             0        0        3        0       0
Embarcados3.obj intentry                              4        4        E        8       0
                config                             2007     2007        1     400E       0
                text782                             657      657      169        8       0
                text781                            1EB2     1EB2        C     3D64       0
                text780                            1395     1395       E2     272A       0
                text779                            16AB     16AB      155     2D56       0
                text778                            1EBE     1EBE       1A     3D7C       0
                text777                            1F0E     1F0E       2C     3E1C       0
                text776                            1250     1250       7D     24A0       0
                text775                             813      813       A6     1026       0
                text774                            11DA     11DA       76     23B4       0
                text773                            1F3A     1F3A       5E     3E74       0
                text772                             805      805        E     100A       0
                text771                            10FC     10FC       6E     21F8       0
                text770                            116A     116A       70     22D4       0
                text769                            1F98     1F98       68     3F30       0
                text768                            1565     1565      146     2ACA       0
                text767                            12CD     12CD       C8     259A       0
                text766                            1477     1477       EE     28EE       0
                text765                            1ED8     1ED8       1B     3DB0       0
                text764                             7C0      7C0       36        8       0
                text763                             8B9      8B9      1B7     1172       0
                text762                             D29      D29      2D7     1A52       0
                text761                            10DD     10DD       1F     21BA       0
                text760                              15       15      642        8       0
                maintext                            A70      A70      2B9     14E0       0
                cstackBANK0                          20       20       4F       20       1
                cstackCOMMON                         70       70        7       70       1
                cstackBANK1                          A0       A0       20       A0       1
                bssBANK1                             C0       C0        F       A0       1
                bssCOMMON                            78       78        5       70       1
                bitbssCOMMON                        3B8       77        6       70       1     8
                cinit                              1EF3     1EF3       1B     3DE6       0
                nvBANK1                              CF       CF        3       A0       1
                strings                            1000     1000       D4     2000       0

TOTAL           Name                               Link     Load   Length     Space
        CLASS   CONST          

        CLASS   CODE           
                end_init                             12       12        3         0
                intentry                              4        4        E         0
                reset_vec                             0        0        3         0
                text782                             657      657      169         0
                text781                            1EB2     1EB2        C         0
                text780                            1395     1395       E2         0
                text779                            16AB     16AB      155         0
                text778                            1EBE     1EBE       1A         0
                text777                            1F0E     1F0E       2C         0
                text776                            1250     1250       7D         0
                text775                             813      813       A6         0
                text774                            11DA     11DA       76         0
                text773                            1F3A     1F3A       5E         0
                text772                             805      805        E         0
                text771                            10FC     10FC       6E         0
                text770                            116A     116A       70         0
                text769                            1F98     1F98       68         0
                text768                            1565     1565      146         0
                text767                            12CD     12CD       C8         0
                text766                            1477     1477       EE         0
                text765                            1ED8     1ED8       1B         0
                text764                             7C0      7C0       36         0
                text763                             8B9      8B9      1B7         0
                text762                             D29      D29      2D7         0
                text761                            10DD     10DD       1F         0
                text760                              15       15      642         0
                maintext                            A70      A70      2B9         0
                cinit                              1EF3     1EF3       1B         0

        CLASS   STRCODE        

        CLASS   ENTRY          

        CLASS   STRING         
                strings                            1000     1000       D4         0

        CLASS   BANK0          
                cstackBANK0                          20       20       4F         1

        CLASS   BANK1          
                cstackBANK1                          A0       A0       20         1
                bssBANK1                             C0       C0        F         1
                nvBANK1                              CF       CF        3         1

        CLASS   BANK2          

        CLASS   BANK3          

        CLASS   RAM            

        CLASS   ABS1           
                abs_s1                               7E       7E        2         1

        CLASS   COMMON         
                cstackCOMMON                         70       70        7         1
                bssCOMMON                            78       78        5         1
                bitbssCOMMON                        3B8       77        6         1

        CLASS   SFR0           

        CLASS   SFR1           

        CLASS   SFR2           

        CLASS   SFR3           

        CLASS   CONFIG         
                config                             2007     2007        1         0

        CLASS   IDLOC          

        CLASS   EEDATA         



SEGMENTS        Name                           Load    Length   Top    Selector   Space  Class     Delta

                reset_vec                      000000  000003  000003         0       0  CODE        2
                intentry                       000004  0007F2  0007F6         8       0  CODE        2
                cstackBANK0                    000020  00004F  00006F        20       1  BANK0       1
                cstackCOMMON                   000070  00000D  00007D        70       1  COMMON      1
                cstackBANK1                    0000A0  000032  0000D2        A0       1  BANK1       1
                text772                        000805  00000E  000813      100A       0  CODE        2
                text775                        000813  0000A6  0008B9      1026       0  CODE        2
                text763                        0008B9  0001B7  000A70      1172       0  CODE        2
                maintext                       000A70  0002B9  000D29      14E0       0  CODE        2
                text762                        000D29  0002D7  001000      1A52       0  CODE        2
                strings                        001000  0000D4  0010D4      2000       0  STRING      2
                text761                        0010DD  00001F  0010FC      21BA       0  CODE        2
                text771                        0010FC  00006E  00116A      21F8       0  CODE        2
                text770                        00116A  000070  0011DA      22D4       0  CODE        2
                text774                        0011DA  000076  001250      23B4       0  CODE        2
                text776                        001250  00007D  0012CD      24A0       0  CODE        2
                text767                        0012CD  0000C8  001395      259A       0  CODE        2
                text780                        001395  0000E2  001477      272A       0  CODE        2
                text766                        001477  0000EE  001565      28EE       0  CODE        2
                text768                        001565  000146  0016AB      2ACA       0  CODE        2
                text779                        0016AB  000155  001800      2D56       0  CODE        2
                text781                        001EB2  00000C  001EBE      3D64       0  CODE        2
                text778                        001EBE  00001A  001ED8      3D7C       0  CODE        2
                text765                        001ED8  00001B  001EF3      3DB0       0  CODE        2
                cinit                          001EF3  00001B  001F0E      3DE6       0  CODE        2
                text777                        001F0E  00002C  001F3A      3E1C       0  CODE        2
                text773                        001F3A  00005E  001F98      3E74       0  CODE        2
                text769                        001F98  000068  002000      3F30       0  CODE        2
                config                         002007  000001  002008      400E       0  CONFIG      2


UNUSED ADDRESS RANGES

        Name                Unused          Largest block    Delta
        BANK0            006F-006F              1           1
        BANK1            00D2-00EF             1E           1
        BANK2            0110-016F             60           1
        BANK3            0190-01EF             60           1
        CODE             0003-0003              1           2
                         07F6-0804              A
                         10D4-10DC              9
                         1800-1EB1            6B2
        COMMON           007D-007D              1           1
        CONST            0003-0003              1           2
                         07F6-0804              A
                         10D4-10DC              9
                         1800-1EB1            100
        EEDATA           2100-21FF            100           2
        ENTRY            0003-0003              1           2
                         07F6-0804              A
                         10D4-10DC              9
                         1800-1EB1            100
        IDLOC            2000-2003              4           2
        RAM              006F-006F              1           1
                         00D2-00EF             1E
                         0110-016F             60
                         0190-01EF             60
        SFR0             0000-001F             20           1
        SFR1             0080-009F             20           1
        SFR2             0100-010F             10           1
        SFR3             0180-018F             10           1
        STRCODE          0003-0003              1           2
                         07F6-0804              F
                         10D4-10DC              9
                         1800-1EB1            6B2
        STRING           0003-0003              1           2
                         07F6-0804              A
                         10D4-10DC              9
                         1800-1EB1            100

                                  Symbol Table

??___awdiv             cstackBANK0  002B
??___awmod             cstackBANK0  0024
??___bmul              cstackBANK0  0031
??___ftadd             cstackBANK0  0058
??___ftdiv             cstackBANK0  0032
??___ftge              cstackBANK0  0026
??___ftmul             cstackBANK0  0048
??___ftneg             cstackBANK0  0023
??___ftpack            cstackBANK0  0025
??___ftsub             cstackBANK0  0065
??___fttol             cstackBANK0  0038
??___lldiv             cstackBANK0  0028
??___llmod             cstackBANK0  0036
??___lltoft            cstackBANK0  002C
??___lwtoft            cstackBANK0  002B
??___wmul              cstackBANK0  0024
??__div_to_l_          cstackBANK0  0026
??__tdiv_to_l_         cstackBANK0  0026
??_fround              cstackBANK0  0062
??_interupt            cstackCOMMON 0070
??_main                cstackBANK0  006F
??_printf              cstackBANK1  00A3
??_putch               cstackBANK0  0020
??_scale               cstackBANK0  0055
?___awdiv              cstackBANK0  0027
?___awmod              cstackBANK0  0020
?___bmul               cstackBANK0  0030
?___ftadd              cstackBANK0  0052
?___ftdiv              cstackBANK0  002C
?___ftge               cstackBANK0  0020
?___ftmul              cstackBANK0  0042
?___ftneg              cstackBANK0  0020
?___ftpack             cstackBANK0  0020
?___ftsub              cstackBANK0  005F
?___fttol              cstackBANK0  0034
?___lldiv              cstackBANK0  0020
?___llmod              cstackBANK0  002E
?___lltoft             cstackBANK0  0028
?___lwtoft             cstackBANK0  0028
?___wmul               cstackBANK0  0020
?__div_to_l_           cstackBANK0  0020
?__tdiv_to_l_          cstackBANK0  0020
?_fround               cstackBANK0  005F
?_interupt             cstackCOMMON 0070
?_main                 cstackCOMMON 0070
?_printf               cstackBANK1  00A0
?_putch                cstackCOMMON 0070
?_scale                cstackBANK0  0052
_ADCS0                 (abs)        00FE
_ADCS1                 (abs)        00FF
_ADCS2                 (abs)        04FE
_ADFM                  (abs)        04FF
_ADIE                  (abs)        0466
_ADIF                  (abs)        0066
_ADON                  (abs)        00F8
_ADRESH                (abs)        001E
_ADRESL                (abs)        009E
_CARRY                 (abs)        0018
_CHS0                  (abs)        00FB
_CHS1                  (abs)        00FC
_CHS2                  (abs)        00FD
_DATA                  bssCOMMON    0078
_EEADR                 (abs)        010D
_EECON1                (abs)        018C
_EECON2                (abs)        018D
_EEDATA                (abs)        010C
_GIE                   (abs)        005F
_GO_DONE               (abs)        00FA
_INTE                  (abs)        005C
_INTEDG                (abs)        040E
_INTF                  (abs)        0059
_PCFG0                 (abs)        04F8
_PCFG1                 (abs)        04F9
_PCFG2                 (abs)        04FA
_PCFG3                 (abs)        04FB
_PEIE                  (abs)        005E
_PS0                   (abs)        0408
_PS1                   (abs)        0409
_PS2                   (abs)        040A
_PSA                   (abs)        040B
_RA4                   (abs)        002C
_RA5                   (abs)        002D
_RB0                   (abs)        0030
_RB1                   (abs)        0031
_RB2                   (abs)        0032
_RB3                   (abs)        0033
_RB4                   (abs)        0034
_RB5                   (abs)        0035
_RB6                   (abs)        0036
_RB7                   (abs)        0037
_RBIE                  (abs)        005B
_RBIF                  (abs)        0058
_RCIF                  (abs)        0065
_RCREG                 (abs)        001A
_RCSTA                 (abs)        0018
_RD                    (abs)        0C60
_SPBRG                 (abs)        0099
_T0CS                  (abs)        040D
_T0SE                  (abs)        040C
_TMR0IE                (abs)        005D
_TMR0IF                (abs)        005A
_TRISA0                (abs)        0428
_TRISA1                (abs)        0429
_TRISA4                (abs)        042C
_TRISA5                (abs)        042D
_TRISB                 (abs)        0086
_TRISB0                (abs)        0430
_TRISB1                (abs)        0431
_TRISB2                (abs)        0432
_TRISB3                (abs)        0433
_TRISB6                (abs)        0436
_TRISC6                (abs)        043E
_TRISC7                (abs)        043F
_TXIF                  (abs)        0064
_TXREG                 (abs)        0019
_TXSTA                 (abs)        0098
_WR                    (abs)        0C61
_WREN                  (abs)        0C62
__Habs1                abs1         0000
__Hbank0               bank0        0000
__Hbank1               bank1        0000
__Hbank2               bank2        0000
__Hbank3               bank3        0000
__HbitbssCOMMON        bitbssCOMMON 0000
__HbssBANK1            bssBANK1     0000
__HbssCOMMON           bssCOMMON    0000
__Hcinit               cinit        0000
__Hclrtext             clrtext      0000
__Hcode                code         0000
__Hcommon              common       0000
__Hconfig              config       2008
__HcstackBANK0         cstackBANK0  0000
__HcstackBANK1         cstackBANK1  0000
__HcstackCOMMON        cstackCOMMON 0000
__Heeprom_data         eeprom_data  0000
__Hend_init            end_init     0015
__Hfunctab             functab      0000
__Hidloc               idloc        0000
__Hinit                init         0012
__Hintentry            intentry     0012
__Hmaintext            maintext     0000
__HnvBANK1             nvBANK1      0000
__Hpowerup             powerup      0000
__Hram                 ram          0000
__Hreset_vec           reset_vec    0003
__Hsfr0                sfr0         0000
__Hsfr1                sfr1         0000
__Hsfr2                sfr2         0000
__Hsfr3                sfr3         0000
__Hstrings             strings      0000
__Htext                text         0000
__Labs1                abs1         0000
__Lbank0               bank0        0000
__Lbank1               bank1        0000
__Lbank2               bank2        0000
__Lbank3               bank3        0000
__LbitbssCOMMON        bitbssCOMMON 0000
__LbssBANK1            bssBANK1     0000
__LbssCOMMON           bssCOMMON    0000
__Lcinit               cinit        0000
__Lclrtext             clrtext      0000
__Lcode                code         0000
__Lcommon              common       0000
__Lconfig              config       2007
__LcstackBANK0         cstackBANK0  0000
__LcstackBANK1         cstackBANK1  0000
__LcstackCOMMON        cstackCOMMON 0000
__Leeprom_data         eeprom_data  0000
__Lend_init            end_init     0012
__Lfunctab             functab      0000
__Lidloc               idloc        0000
__Linit                init         0012
__Lintentry            intentry     0004
__Lmaintext            maintext     0000
__LnvBANK1             nvBANK1      0000
__Lpowerup             powerup      0000
__Lram                 ram          0000
__Lreset_vec           reset_vec    0000
__Lsfr0                sfr0         0000
__Lsfr1                sfr1         0000
__Lsfr2                sfr2         0000
__Lsfr3                sfr3         0000
__Lstrings             strings      0000
__Ltext                text         0000
__S0                   (abs)        2008
__S1                   (abs)        00D2
__S2                   (abs)        0000
___awdiv               text774      11DA
___awdiv@counter       cstackBANK0  002C
___awdiv@dividend      cstackBANK0  0029
___awdiv@divisor       cstackBANK0  0027
___awdiv@quotient      cstackBANK0  002E
___awdiv@sign          cstackBANK0  002D
___awmod               text769      1F98
___awmod@counter       cstackBANK0  0025
___awmod@dividend      cstackBANK0  0022
___awmod@divisor       cstackBANK0  0020
___awmod@sign          cstackBANK0  0026
___bmul                text778      1EBE
___bmul@multiplicand   cstackBANK0  0030
___bmul@multiplier     cstackBANK0  0033
___bmul@product        cstackBANK0  0032
___ftadd               text768      1565
___ftadd@exp1          cstackBANK0  005E
___ftadd@exp2          cstackBANK0  005D
___ftadd@f1            cstackBANK0  0052
___ftadd@f2            cstackBANK0  0055
___ftadd@sign          cstackBANK0  005C
___ftdiv               text767      12CD
___ftdiv@cntr          cstackBANK0  0036
___ftdiv@exp           cstackBANK0  003A
___ftdiv@f1            cstackBANK0  002F
___ftdiv@f2            cstackBANK0  002C
___ftdiv@f3            cstackBANK0  0037
___ftdiv@sign          cstackBANK0  003B
___ftge                text771      10FC
___ftge@ff1            cstackBANK0  0020
___ftge@ff2            cstackBANK0  0023
___ftmul               text766      1477
___ftmul@cntr          cstackBANK0  0050
___ftmul@exp           cstackBANK0  004C
___ftmul@f1            cstackBANK0  0042
___ftmul@f2            cstackBANK0  0045
___ftmul@f3_as_product cstackBANK0  004D
___ftmul@sign          cstackBANK0  0051
___ftneg               text772      0805
___ftneg@f1            cstackBANK0  0020
___ftpack              text776      1250
___ftpack@arg          cstackBANK0  0020
___ftpack@exp          cstackBANK0  0023
___ftpack@sign         cstackBANK0  0024
___ftsub               text761      10DD
___ftsub@f1            cstackBANK0  0062
___ftsub@f2            cstackBANK0  005F
___fttol               text775      0813
___fttol@exp1          cstackBANK0  0041
___fttol@f1            cstackBANK0  0034
___fttol@lval          cstackBANK0  003D
___fttol@sign1         cstackBANK0  003C
___lldiv               text770      116A
___lldiv@counter       cstackBANK0  002D
___lldiv@dividend      cstackBANK0  0024
___lldiv@divisor       cstackBANK0  0020
___lldiv@quotient      cstackBANK0  0029
___llmod               text773      1F3A
___llmod@counter       cstackBANK0  0037
___llmod@dividend      cstackBANK0  0032
___llmod@divisor       cstackBANK0  002E
___lltoft              text764      07C0
___lltoft@c            cstackBANK0  0028
___lltoft@exp          cstackBANK0  002D
___lwtoft              text765      1ED8
___lwtoft@c            cstackBANK0  0028
___wmul                text777      1F0E
___wmul@multiplicand   cstackBANK0  0022
___wmul@multiplier     cstackBANK0  0020
___wmul@product        cstackBANK0  0024
__div_to_l_            text779      16AB
__div_to_l_@cntr       cstackBANK0  0032
__div_to_l_@exp1       cstackBANK0  0033
__div_to_l_@f1         cstackBANK0  0020
__div_to_l_@f2         cstackBANK0  0023
__div_to_l_@quot       cstackBANK0  002E
__end_of___awdiv       text774      1250
__end_of___awmod       text769      2000
__end_of___bmul        text778      1ED8
__end_of___ftadd       text768      16AB
__end_of___ftdiv       text767      1395
__end_of___ftge        text771      116A
__end_of___ftmul       text766      1565
__end_of___ftneg       text772      0813
__end_of___ftpack      text776      12CD
__end_of___ftsub       text761      10FC
__end_of___fttol       text775      08B9
__end_of___lldiv       text770      11DA
__end_of___llmod       text773      1F98
__end_of___lltoft      text764      07F6
__end_of___lwtoft      text765      1EF3
__end_of___wmul        text777      1F3A
__end_of__div_to_l_    text779      1800
__end_of__tdiv_to_l_   text780      1477
__end_of_fround        text763      0A70
__end_of_interupt      text782      07C0
__end_of_main          maintext     0D29
__end_of_printf        text760      0657
__end_of_putch         text781      1EBE
__end_of_scale         text762      1000
__npowers_             strings      102E
__pbitbssCOMMON        bitbssCOMMON 03B8
__pbssBANK1            bssBANK1     00C0
__pbssCOMMON           bssCOMMON    0078
__pcstackBANK0         cstackBANK0  0020
__pcstackBANK1         cstackBANK1  00A0
__pcstackCOMMON        cstackCOMMON 0070
__pintentry            intentry     0004
__pmaintext            maintext     0A70
__pnvBANK1             nvBANK1      00CF
__powers_              strings      1055
__pstrings             strings      1000
__ptext760             text760      0015
__ptext761             text761      10DD
__ptext762             text762      0D29
__ptext763             text763      08B9
__ptext764             text764      07C0
__ptext765             text765      1ED8
__ptext766             text766      1477
__ptext767             text767      12CD
__ptext768             text768      1565
__ptext769             text769      1F98
__ptext770             text770      116A
__ptext771             text771      10FC
__ptext772             text772      0805
__ptext773             text773      1F3A
__ptext774             text774      11DA
__ptext775             text775      0813
__ptext776             text776      1250
__ptext777             text777      1F0E
__ptext778             text778      1EBE
__ptext779             text779      16AB
__ptext780             text780      1395
__ptext781             text781      1EB2
__ptext782             text782      0657
__ptext783             text783      0000
__size_of___awdiv      (abs)        0000
__size_of___awmod      (abs)        0000
__size_of___bmul       (abs)        0000
__size_of___ftadd      (abs)        0000
__size_of___ftdiv      (abs)        0000
__size_of___ftge       (abs)        0000
__size_of___ftmul      (abs)        0000
__size_of___ftneg      (abs)        0000
__size_of___ftpack     (abs)        0000
__size_of___ftsub      (abs)        0000
__size_of___fttol      (abs)        0000
__size_of___lldiv      (abs)        0000
__size_of___llmod      (abs)        0000
__size_of___lltoft     (abs)        0000
__size_of___lwtoft     (abs)        0000
__size_of___wmul       (abs)        0000
__size_of__div_to_l_   (abs)        0000
__size_of__tdiv_to_l_  (abs)        0000
__size_of_fround       (abs)        0000
__size_of_interupt     (abs)        0000
__size_of_main         (abs)        0000
__size_of_printf       (abs)        0000
__size_of_putch        (abs)        0000
__size_of_scale        (abs)        0000
__tdiv_to_l_           text780      1395
__tdiv_to_l_@cntr      cstackBANK0  002E
__tdiv_to_l_@exp1      cstackBANK0  002F
__tdiv_to_l_@f1        cstackBANK0  0020
__tdiv_to_l_@f2        cstackBANK0  0023
__tdiv_to_l_@quot      cstackBANK0  002A
_ant4                  bitbssCOMMON 03B8
_ant5                  bitbssCOMMON 03B9
_ant6                  bitbssCOMMON 03BA
_ant7                  bitbssCOMMON 03BB
_bateria               bssBANK1     00C0
_check                 bssCOMMON    007A
_count                 bssCOMMON    007C
_dataBat               bssBANK1     00C9
_dataLuz               bssBANK1     00CB
_dataTemp              bssBANK1     00CD
_dpowers               strings      1006
_exit                  init         0012
_flag                  bitbssCOMMON 03BC
_flag1                 bitbssCOMMON 03BD
_fround                text763      08B9
_fround$2937           cstackBANK0  006B
_fround$2938           cstackBANK0  0068
_interupt              text782      0657
_luz                   bssBANK1     00C3
_main                  maintext     0A70
_portaCount            bssBANK1     00C8
_portaFlag             bssBANK1     00C6
_printf                text760      0015
_printf$2140           cstackBANK1  00A9
_putch                 text781      1EB2
_scale                 text762      0D29
_scale$2939            cstackBANK0  0057
_temp                  nvBANK1      00CF
btemp                  (abs)        007E
end_of_initialization  cinit        1F0A
fround@prec            cstackBANK0  006E
interrupt_function     intentry     0004
intlevel0              functab      0000
intlevel1              functab      0000
intlevel2              functab      0000
intlevel3              functab      0000
intlevel4              functab      0000
intlevel5              functab      0000
printf@_val            cstackBANK1  00B3
printf@ap              cstackBANK1  00AD
printf@c               cstackBANK1  00BF
printf@exp             cstackBANK1  00BA
printf@f               cstackBANK1  00AE
printf@flag            cstackBANK1  00AF
printf@fval            cstackBANK1  00BC
printf@integ           cstackBANK1  00B7
printf@prec            cstackBANK1  00B1
putch@byte             cstackBANK0  0020
reset_vec              reset_vec    0000
saved_w                (abs)        007E
scale@scl              cstackBANK0  005A
start                  init         0012
start_initialization   cinit        1EF3
wtemp0                 (abs)        007E
